==================================================================
ElmerGrid mesh conversion and manipulation utility, Welcome!
Version: 26.2 (Rev: NA, Compiled: NA)
This program is free software licensed under GPL
==================================================================
Elmergrid reading in-line arguments
Lower dimensional boundaries will be removed
Materials and boundaries will be renumbered
Nodes that do not appear in any element will be removed
Output will be saved to file mesh.

Elmergrid loading data:
-----------------------
Format chosen using the first line: $MeshFormat
Gmsh input file format is type   2.2 in ASCII.
Loading mesh in Gmsh format 2.0 from file model3d.msh
Allocating for 2917 knots and 18743 elements.
Moving bulk elements to boundary elements
Leading bulk elementtype is 504
Trailing bulk elementtype is 303
There are 2040 (out of 18743) lower dimensional elements.
Node 1131 belongs to maximum of 56 elements
Found 1546 side elements that have two parents.
Found correctly 2040 side elements.
Parent elements were reordered up to index 16703.
Moved 16703 elements (out of 18743) to new positions
Successfully read the mesh from the Gmsh input file.
Using physical numbering of entities

Elmergrid creating and manipulating meshes:
-------------------------------------------
Removing lower dimensional boundaries
Maximum elementtype is 504 and dimension 3
Minimum elementtype is 504 and dimension 3
Removed 0 (out of 2040) less than 2D boundary elements
All 2917 nodes were used by the mesh elements
Initial boundary interval [1001,1008]
BC index changed 1001 -> 1 in 494 2D elements of MagneticInfinity
BC index changed 1002 -> 2 in 960 2D elements of MagnetSurface
BC index changed 1003 -> 3 in 20 2D elements of CoilStart
BC index changed 1004 -> 4 in 20 2D elements of CoilEnd
BC index changed 1005 -> 5 in 210 2D elements of Alpha0
BC index changed 1006 -> 6 in 256 2D elements of Alpha1
BC index changed 1007 -> 7 in 40 2D elements of Beta0
BC index changed 1008 -> 8 in 40 2D elements of Beta1
Mapping boundary types from [1001 1008] to [1 8]
Initial body interval [1,3]
Numbering of bodies is already ok
Renumbering of material types completed!
Bounding box of all nodes in mesh:
X:[-0.08,0.08] Y:[-0.0799911,0.0799444] Z:[-0.08,0.11]
Calculate Mesh Pieces in mesh:
There is a single piece in the mesh, so the mesh is conforming.

Elmergrid saving data with method 2:
-------------------------------------
Saving mesh in ElmerSolver format to directory mesh.
Saving 2917 coordinates to mesh.nodes.
Saving 16703 element topologies to mesh.elements.
Saving boundary elements to mesh.boundary.
Saving header info to mesh.header.
Saving names info to mesh.names.
Saving entities info to entities.sif.

Thank you for using Elmergrid!
Send bug reports and feature wishes to elmeradm@csc.fi
